******************************************************************************
                  TI ARM Linker PC v16.9.4                     
******************************************************************************
>> Linked Tue Oct 31 11:39:44 2017

OUTPUT FILE NAME:   <encoder_time_sanity.out>
ENTRY POINT SYMBOL: "_c_int00"  address: 00000f29


MEMORY CONFIGURATION

         name            origin    length      used     unused   attr    fill
----------------------  --------  ---------  --------  --------  ----  --------
  FLASH                 00000000   00040000  00001514  0003eaec  R  X
  SRAM                  20000000   00008000  0000049c  00007b64  RW X


SEGMENT ALLOCATION MAP

run origin  load origin   length   init length attrs members
----------  ----------- ---------- ----------- ----- -------
00000000    00000000    00001518   00001518    r-x
  00000000    00000000    0000026c   0000026c    r-- .intvecs
  0000026c    0000026c    00001024   00001024    r-x .text
  00001290    00001290    0000023c   0000023c    r-- .const
  000014d0    000014d0    00000048   00000048    r-- .cinit
20000000    20000000    000004a0   00000000    rw-
  20000000    20000000    0000026c   00000000    rw- .vtable
  2000026c    2000026c    00000200   00000000    rw- .stack
  2000046c    2000046c    00000020   00000000    rw- .data
  20000490    20000490    00000010   00000000    rw- .bss


SECTION ALLOCATION MAP

 output                                  attributes/
section   page    origin      length       input sections
--------  ----  ----------  ----------   ----------------
.intvecs   0    00000000    0000026c     
                  00000000    0000026c     tm4c123gh6pm_startup_ccs.obj (.intvecs)

.text      0    0000026c    00001024     
                  0000026c    000004dc     uartstdio.obj (.text)
                  00000748    00000132     driverlib.lib : gpio.obj (.text:GPIOPadConfigSet)
                  0000087a    00000002     rtsv7M4_T_le_v4SPD16_eabi.lib : i_div0.obj (.text)
                  0000087c    0000011c     VelocityTimer.obj (.text)
                  00000998    00000110     driverlib.lib : sysctl.obj (.text:SysCtlClockGet)
                  00000aa8    00000110     main.obj (.text)
                  00000bb8    000000b8     SysTick.obj (.text)
                  00000c70    0000009c     rtsv7M4_T_le_v4SPD16_eabi.lib : memcpy_t2.obj (.text)
                  00000d0c    0000007a                                   : memset_t2.obj (.text)
                  00000d86    00000002                                   : mpu_init.obj (.text)
                  00000d88    00000070                                   : autoinit.obj (.text)
                  00000df8    00000068     driverlib.lib : interrupt.obj (.text:IntEnable)
                  00000e60    00000068     rtsv7M4_T_le_v4SPD16_eabi.lib : copy_decompress_lzss.obj (.text:decompress:lzss)
                  00000ec8    00000060     driverlib.lib : timer.obj (.text:TimerConfigure)
                  00000f28    00000054     rtsv7M4_T_le_v4SPD16_eabi.lib : boot.obj (.text)
                  00000f7c    00000054                                   : exit.obj (.text)
                  00000fd0    0000004c     driverlib.lib : timer.obj (.text:_TimerIntNumberGet)
                  0000101c    0000004c     rtsv7M4_T_le_v4SPD16_eabi.lib : cpy_tbl.obj (.text)
                  00001068    00000048     driverlib.lib : gpio.obj (.text:GPIOPinConfigure)
                  000010b0    00000040     rtsv7M4_T_le_v4SPD16_eabi.lib : u_divt2.obj (.text)
                  000010f0    00000036                                   : ull_tofs_t2.obj (.text)
                  00001126    00000002                                   : startup.obj (.text)
                  00001128    00000034     driverlib.lib : interrupt.obj (.text:IntRegister)
                  0000115c    00000034                   : sysctl.obj (.text:SysCtlPeripheralEnable)
                  00001190    0000002a                   : gpio.obj (.text:GPIODirModeSet)
                  000011ba    00000018                   : timer.obj (.text:TimerIntRegister)
                  000011d2    00000002     --HOLE-- [fill = 0]
                  000011d4    00000018     rtsv7M4_T_le_v4SPD16_eabi.lib : args_main.obj (.text)
                  000011ec    00000016     driverlib.lib : timer.obj (.text:TimerControlEvent)
                  00001202    00000002     --HOLE-- [fill = 0]
                  00001204    00000014     rtsv7M4_T_le_v4SPD16_eabi.lib : _lock.obj (.text)
                  00001218    00000012     driverlib.lib : gpio.obj (.text:GPIOPinTypeTimer)
                  0000122a    00000012                   : timer.obj (.text:TimerLoadSet)
                  0000123c    0000000e                   : timer.obj (.text:TimerEnable)
                  0000124a    0000000e     rtsv7M4_T_le_v4SPD16_eabi.lib : copy_decompress_none.obj (.text:decompress:none)
                  00001258    0000000c                                   : copy_zero_init.obj (.text:decompress:ZI)
                  00001264    0000000c     tm4c123gh6pm_startup_ccs.obj (.text)
                  00001270    0000000a     driverlib.lib : timer.obj (.text:TimerValueGet)
                  0000127a    00000008                   : timer.obj (.text:TimerIntEnable)
                  00001282    00000006                   : sysctl.obj (.text:SysCtlDelay)
                  00001288    00000004                   : timer.obj (.text:TimerIntClear)
                  0000128c    00000004     rtsv7M4_T_le_v4SPD16_eabi.lib : pre_init.obj (.text)

.const     0    00001290    0000023c     
                  00001290    00000090     driverlib.lib : gpio.obj (.const:g_pui32GPIOBaseAddrs)
                  00001320    00000070                   : interrupt.obj (.const)
                  00001390    0000006c                   : sysctl.obj (.const:g_pui32Xtals)
                  000013fc    00000060                   : timer.obj (.const:g_ppui32TimerIntMap)
                  0000145c    00000040                   : timer.obj (.const:g_ppui32TimerIntMapSnowflake)
                  0000149c    00000012     uartstdio.obj (.const:.string)
                  000014ae    00000002     --HOLE-- [fill = 0]
                  000014b0    0000000c     uartstdio.obj (.const:g_ui32UARTBase)
                  000014bc    0000000c     uartstdio.obj (.const:g_ui32UARTPeriph)
                  000014c8    00000004     uartstdio.obj (.const)

.cinit     0    000014d0    00000048     
                  000014d0    00000011     (.cinit..data.load) [load image, compression = lzss]
                  000014e1    00000003     --HOLE-- [fill = 0]
                  000014e4    0000000c     (__TI_handler_table)
                  000014f0    00000008     (.cinit..bss.load) [load image, compression = zero_init]
                  000014f8    00000008     (.cinit..vtable.load) [load image, compression = zero_init]
                  00001500    00000018     (__TI_cinit_table)

.init_array 
*          0    00000000    00000000     UNINITIALIZED

.vtable    0    20000000    0000026c     UNINITIALIZED
                  20000000    0000026c     driverlib.lib : interrupt.obj (.vtable)

.stack     0    2000026c    00000200     UNINITIALIZED
                  2000026c    00000200     --HOLE--

.data      0    2000046c    00000020     UNINITIALIZED
                  2000046c    0000000c     rtsv7M4_T_le_v4SPD16_eabi.lib : exit.obj (.data:$O1$$)
                  20000478    00000008                                   : _lock.obj (.data:$O1$$)
                  20000480    00000005     uartstdio.obj (.data)
                  20000485    00000003     --HOLE--
                  20000488    00000004     rtsv7M4_T_le_v4SPD16_eabi.lib : stkdepth_vars.obj (.data)

.bss       0    20000490    00000010     UNINITIALIZED
                  20000490    00000008     (.common:first)
                  20000498    00000004     (.common:period_raw)
                  2000049c    00000004     (.common:systemClock)

MODULE SUMMARY

       Module                         code   ro data   rw data
       ------                         ----   -------   -------
    .\
       uartstdio.obj                  1244   46        5      
       tm4c123gh6pm_startup_ccs.obj   12     620       0      
       VelocityTimer.obj              284    0         8      
       main.obj                       272    0         8      
       SysTick.obj                    184    0         0      
    +--+------------------------------+------+---------+---------+
       Total:                         1996   666       21     
                                                              
    C:/ti/TivaWare_C_Series-2.1.4.178/driverlib/ccs/Debug/driverlib.lib
       interrupt.obj                  156    112       620    
       gpio.obj                       438    144       0      
       sysctl.obj                     330    108       0      
       timer.obj                      272    160       0      
    +--+------------------------------+------+---------+---------+
       Total:                         1196   524       620    
                                                              
    C:\ti\ccsv7\tools\compiler\ti-cgt-arm_16.9.4.LTS\lib\rtsv7M4_T_le_v4SPD16_eabi.lib
       memcpy_t2.obj                  156    0         0      
       memset_t2.obj                  122    0         0      
       autoinit.obj                   112    0         0      
       copy_decompress_lzss.obj       104    0         0      
       exit.obj                       84     0         12     
       boot.obj                       84     0         0      
       cpy_tbl.obj                    76     0         0      
       u_divt2.obj                    64     0         0      
       ull_tofs_t2.obj                54     0         0      
       _lock.obj                      20     0         8      
       args_main.obj                  24     0         0      
       copy_decompress_none.obj       14     0         0      
       copy_zero_init.obj             12     0         0      
       pre_init.obj                   4      0         0      
       stkdepth_vars.obj              0      0         4      
       i_div0.obj                     2      0         0      
       mpu_init.obj                   2      0         0      
       startup.obj                    2      0         0      
    +--+------------------------------+------+---------+---------+
       Total:                         936    0         24     
                                                              
       Stack:                         0      0         512    
       Linker Generated:              0      69        0      
    +--+------------------------------+------+---------+---------+
       Grand Total:                   4128   1259      1177   


LINKER GENERATED COPY TABLES

__TI_cinit_table @ 00001500 records: 3, size/record: 8, table size: 24
	.data: load addr=000014d0, load size=00000011 bytes, run addr=2000046c, run size=00000020 bytes, compression=lzss
	.bss: load addr=000014f0, load size=00000008 bytes, run addr=20000490, run size=00000010 bytes, compression=zero_init
	.vtable: load addr=000014f8, load size=00000008 bytes, run addr=20000000, run size=0000026c bytes, compression=zero_init


LINKER GENERATED HANDLER TABLE

__TI_handler_table @ 000014e4 records: 3, size/record: 4, table size: 12
	index: 0, handler: __TI_zero_init
	index: 1, handler: __TI_decompress_lzss
	index: 2, handler: __TI_decompress_none


GLOBAL SYMBOLS: SORTED ALPHABETICALLY BY Name 

address   name                           
-------   ----                           
00000f7d  C$$EXIT                        
00001191  GPIODirModeSet                 
00000749  GPIOPadConfigSet               
00001069  GPIOPinConfigure               
00001219  GPIOPinTypeTimer               
00000df9  IntEnable                      
00001129  IntRegister                    
00001265  ResetISR                       
UNDEFED   SHT$$INIT_ARRAY$$Base          
UNDEFED   SHT$$INIT_ARRAY$$Limit         
00000999  SysCtlClockGet                 
00001283  SysCtlDelay                    
0000115d  SysCtlPeripheralEnable         
00000ec9  TimerConfigure                 
000011ed  TimerControlEvent              
0000123d  TimerEnable                    
00001289  TimerIntClear                  
0000127b  TimerIntEnable                 
000011bb  TimerIntRegister               
0000122b  TimerLoadSet                   
00001271  TimerValueGet                  
0000026d  UARTStdioConfig                
000003e5  UARTgetc                       
0000031f  UARTgets                       
00000713  UARTprintf                     
00000419  UARTvprintf                    
000002cd  UARTwrite                      
00000bd5  _Z12systick_waitj              
00000bff  _Z13systick_delaym             
00000bb9  _Z13systick_setupj             
0000090d  _Z15read_period_rawv           
00000aa9  _Z15uart_stdio_initj           
0000087d  _Z22initialize_pulse_timerv    
00000c33  _Z25systick_delay_microSecondm 
00000955  _Z26convert_period_to_velocityv
2000046c  __STACK_END                    
00000200  __STACK_SIZE                   
2000046c  __STACK_TOP                    
00001500  __TI_CINIT_Base                
00001518  __TI_CINIT_Limit               
000014e4  __TI_Handler_Table_Base        
000014f0  __TI_Handler_Table_Limit       
00000d89  __TI_auto_init                 
2000046c  __TI_cleanup_ptr               
00000e61  __TI_decompress_lzss           
0000124b  __TI_decompress_none           
20000470  __TI_dtors_ptr                 
20000474  __TI_enable_exit_profile_output
ffffffff  __TI_pprof_out_hndl            
ffffffff  __TI_prof_data_size            
ffffffff  __TI_prof_data_start           
00000000  __TI_static_base__             
00001259  __TI_zero_init                 
0000087b  __aeabi_idiv0                  
00000d0d  __aeabi_memclr                 
00000d0d  __aeabi_memclr4                
00000d0d  __aeabi_memclr8                
00000c71  __aeabi_memcpy                 
00000c71  __aeabi_memcpy4                
00000c71  __aeabi_memcpy8                
00000d0f  __aeabi_memset                 
00000d0f  __aeabi_memset4                
00000d0f  __aeabi_memset8                
000010b1  __aeabi_uidiv                  
000010b1  __aeabi_uidivmod               
000010f1  __aeabi_ul2f                   
ffffffff  __binit__                      
ffffffff  __c_args__                     
00000d87  __mpu_init                     
2000026c  __stack                        
000011d5  _args_main                     
00000f29  _c_int00                       
20000478  _lock                          
00001213  _nop                           
0000120b  _register_lock                 
00001205  _register_unlock               
00001127  _system_post_cinit             
0000128d  _system_pre_init               
2000047c  _unlock                        
00000f81  abort                          
ffffffff  binit                          
0000101d  copy_in                        
00000f89  exit                           
20000490  first                          
20000000  g_pfnRAMVectors                
00000000  g_pfnVectors                   
00000b03  main                           
20000488  main_func_sp                   
00000c71  memcpy                         
00000d15  memset                         
20000498  period_raw                     
2000049c  systemClock                    


GLOBAL SYMBOLS: SORTED BY Symbol Address 

address   name                           
-------   ----                           
00000000  __TI_static_base__             
00000000  g_pfnVectors                   
00000200  __STACK_SIZE                   
0000026d  UARTStdioConfig                
000002cd  UARTwrite                      
0000031f  UARTgets                       
000003e5  UARTgetc                       
00000419  UARTvprintf                    
00000713  UARTprintf                     
00000749  GPIOPadConfigSet               
0000087b  __aeabi_idiv0                  
0000087d  _Z22initialize_pulse_timerv    
0000090d  _Z15read_period_rawv           
00000955  _Z26convert_period_to_velocityv
00000999  SysCtlClockGet                 
00000aa9  _Z15uart_stdio_initj           
00000b03  main                           
00000bb9  _Z13systick_setupj             
00000bd5  _Z12systick_waitj              
00000bff  _Z13systick_delaym             
00000c33  _Z25systick_delay_microSecondm 
00000c71  __aeabi_memcpy                 
00000c71  __aeabi_memcpy4                
00000c71  __aeabi_memcpy8                
00000c71  memcpy                         
00000d0d  __aeabi_memclr                 
00000d0d  __aeabi_memclr4                
00000d0d  __aeabi_memclr8                
00000d0f  __aeabi_memset                 
00000d0f  __aeabi_memset4                
00000d0f  __aeabi_memset8                
00000d15  memset                         
00000d87  __mpu_init                     
00000d89  __TI_auto_init                 
00000df9  IntEnable                      
00000e61  __TI_decompress_lzss           
00000ec9  TimerConfigure                 
00000f29  _c_int00                       
00000f7d  C$$EXIT                        
00000f81  abort                          
00000f89  exit                           
0000101d  copy_in                        
00001069  GPIOPinConfigure               
000010b1  __aeabi_uidiv                  
000010b1  __aeabi_uidivmod               
000010f1  __aeabi_ul2f                   
00001127  _system_post_cinit             
00001129  IntRegister                    
0000115d  SysCtlPeripheralEnable         
00001191  GPIODirModeSet                 
000011bb  TimerIntRegister               
000011d5  _args_main                     
000011ed  TimerControlEvent              
00001205  _register_unlock               
0000120b  _register_lock                 
00001213  _nop                           
00001219  GPIOPinTypeTimer               
0000122b  TimerLoadSet                   
0000123d  TimerEnable                    
0000124b  __TI_decompress_none           
00001259  __TI_zero_init                 
00001265  ResetISR                       
00001271  TimerValueGet                  
0000127b  TimerIntEnable                 
00001283  SysCtlDelay                    
00001289  TimerIntClear                  
0000128d  _system_pre_init               
000014e4  __TI_Handler_Table_Base        
000014f0  __TI_Handler_Table_Limit       
00001500  __TI_CINIT_Base                
00001518  __TI_CINIT_Limit               
20000000  g_pfnRAMVectors                
2000026c  __stack                        
2000046c  __STACK_END                    
2000046c  __STACK_TOP                    
2000046c  __TI_cleanup_ptr               
20000470  __TI_dtors_ptr                 
20000474  __TI_enable_exit_profile_output
20000478  _lock                          
2000047c  _unlock                        
20000488  main_func_sp                   
20000490  first                          
20000498  period_raw                     
2000049c  systemClock                    
ffffffff  __TI_pprof_out_hndl            
ffffffff  __TI_prof_data_size            
ffffffff  __TI_prof_data_start           
ffffffff  __binit__                      
ffffffff  __c_args__                     
ffffffff  binit                          
UNDEFED   SHT$$INIT_ARRAY$$Base          
UNDEFED   SHT$$INIT_ARRAY$$Limit         

[92 symbols]
